Rp, Rr, Rr, Gll^Fdw, Gll^Fdw, Gll^Fdw, Gll^Fdw, Gll^Fdw, Gll^Fdw, Gll^Fdw, Xu, Xu, Xu, Xu, Urb^Em, Gg
Gg, Rp, Rp, Rp, Rp, Gll^Fdw, Gg^Vhc, Gll^Fdw, Gg, Gll^Fdw, Xu, Xu, Urb^Em, Urb^Em, Urb^Em, Xu
Gg, Gg, Gg, Rr, Rr, Rp, Rp, Gg, Gg, Gg, Gg^Ebn, Urb^Pr\, Urb^Pr\, Urb^Em, Xu, Xu
Gg, Gg, Gg, Gg, Ch, Rr, Rr, Rr, Rp, Gg, Rp, Rp, Rp, Urb^Pr\, Xu, Xu
Gg, Gg, Gg, Gg, Gg, Ch, 2 Kh, Rr, Rr, Rp, Rp, Rp, Gll^Fdw, Gg, Gll^Fdw, Xu
Gg, Gg, Gg, Gg, Gg, Gg^Ecf, Ch, Rr, Rr, Rp, Gg, Gg, Gg, Gll^Fdw, Gll^Fdw, Gll^Fdw
Gg, Gg, Gg, Gg, Gg, Gg, Ch, Rr, Rr, Gg^Vhc, Gg, Gg, Gg, Gg, Gll^Fdw, Gll^Fdw
Gg, Gg, Gg, Gg, Hh^Fdw, Hh, Hh, Rr, Rr, Gg, Rp, Gg, Gg, Gg, Gll^Fdw, Gll^Fdw
Gg, Gg, Gg, Hh, Hh^Fdw, Hh^Fdw, Hh, Rp, Rp, Rp, Gg^Efm, Rp, Rp, Rp, Rp, Gll^Fdw
Gg, Gg, Gg, Hh^Fdw, Rp, Rp, Rp, Rp, Rp, Gg^Efm, Gg^Efm, Gg^Efm, Gg^Efm, Rp, Gg^Efm, Rp
Rp, Gg, Rp, Rp, Ds, Ds, Wwf, Rp, Rr, Gs^Fdw, Gs^Fdw, Gg^Efm, Gg^Efm, Gg^Efm, Gg^Efm, Gg^Efm
Gg^Em, Rp, Gg^Em, Ds, Ds, Wwf, Ww, Rp, Rr, Wwf, Hh^Fdw, Gs^Fdw, Gs^Fdw, Gs^Fdw, Gs^Fdw, Gg^Efm
Gg^Em, Gg^Em, Gg^Em, Gs^Fdw, Ds, Ww, Ww, Ww, Ww^Bsb|, Ww, Ww, Hh^Fdw, Hh^Fdw, Hh^Fdw, Hh^Fdw, Gs^Fdw
Gs^Fdw, Gg^Em, Gs^Fdw, Gs^Fdw, Gs^Fdw, Ww, Wo, Wo, Ww^Bsb|, Wo, Ww, Hh^Fdw, Gs^Fdw, Gs^Fdw, Gs^Fdw, Gs^Fdw
Gs^Fdw, Gs^Fdw, Hh^Fdw, Hh^Fdw, Hh^Fdw, Ww, Ww, Ww, Rr, Ww, Wwf, Gs^Fdw, Gg^Efm, Gg^Efm, Gg^Efm, Gs^Fdw
Gs^Fdw, Gs^Fdw, Gs^Fdw, Gs^Fdw, Gs^Fdw, Gs^Fdw, Wwf, Rp^Vhc, Rp, Wwf, Wwf, Gg^Efm, Gg^Efm, Gg^Efm, Gg^Efm, Gg^Efm
Gg^Fdw, Gg^Fdw, Gg^Fdw, Gg^Fdw, Gg, Gs^Fdw, Gs^Fdw, Rp, Rr, Wwf, Gg^Efm, Gg^Efm, Gg^Efm, Gg^Efm, Gg^Efm, Gg^Efm
Gg^Fdw, Gg^Fdw, Gg^Fdw, Gg^Fdw, Gg, Gg, Gg, Rr, Rp, Gg^Efm, Gg^Efm, Gg^Efm, Gg^Efm, Gg^Efm, Rp, Gg^Efm
Gg^Fdw, Gg^Fdw, Hh^Fdw, Gg^Fdw, Gg, Gg, Gg, Rp, Rp, Gg^Efm, Gg^Efm, Gg^Efm, Rp, Rp, Gs^Fdw, Rp
Hh^Fdw, Hh^Fdw, Gg^Fdw, Hh^Fdw, Hh^Fdw, Hh, Hh, Rp, Rp, Gg^Efm, Gg^Efm, Gg^Efm, Rp, Gs^Fdw, Hh^Fdw, Gs^Fdw
Hh^Fdw, Hh^Fdw, Gg, Gg, Gg, Gg, Gg, Rp, Rp, Gg^Efm, Gg^Efm, Gg^Efm, Rp, Gs^Fdw, Rp, Rp
Hh, Hh, Gg, Gg, Gg, Gg, Gg, Rp, Rp, Gg^Vhc, Rp, Rp, Gg, Rp, Gg, Gg
Gg, Gg, Gg, Gg, Gg, Gg, Gg, Rr, Rr, Rp, Gg, Gg, Gg, Gg, Gg, Gg
Gs^Fdw, Gg, Gg, Gg, Gg, Gg, Rp, Rp, Rp, Gg, Gg, Gg, Gg, Gg, Gs^Fdw, Gg
Gs^Fdw, Gs^Fdw, Rp, Gg, Rp, Rp, Gg^Vhc, Rr, Rp, Gg, Gg, Gg, Gg, Gg, Hh^Fdw, Gs^Fdw
Rp, Rp, Gs^Fdw, Rp, Gg, Gg, Gg, Rp, Rp, Gg, Gg, Gg, Gg, Hh, Hh^Fdw, Gs^Fdw
Gs^Fdw, Gs^Fdw, Gs^Fdw, Gg, Gg, Gg, Gg, Rr, Rr, Gg, Gg, Gg, Hh, Hh^Fdw, Gs^Fdw, Gs^Fdw
Gs^Fdw, Gs^Fdw, Hh^Fdw, Gs^Fdw, Gs^Fdw, Gg, Gg, Rr, 1 Rp, Gg, Gg, Gg, Hh, Gs^Fdw, Gs^Fdw, Gs^Fdw
Gs^Fdw, Hh^Fdw, Hh^Fdw, Hh^Fdw, Gs^Fdw, Gs^Fdw, Gg, Rr, Rr, Gg, Gg, Gg, Hh^Fds, Hh^Fds, Gs^Fdw, Gs^Fdw
Gg, Hh^Fdw, Gs^Fds, Hh^Fdw, Gs^Fdw, Gs^Fdw, Gs^Fdw, Rr, Rr, Gg, Gg, Gs^Fdw, Gs^Fdw, Gs^Fdw, Gs^Fdw, Gs^Fdw
