Mm^Xm, Mm^Xm, Mm^Xm, Mm^Xm, Mm^Xm, Mm^Xm, Mm^Xm, Mm^Xm, Mm^Xm, Mm^Xm, Mm^Xm, Mm^Xm, Mm^Xm, Mm^Xm, Mm^Xm, Mm^Xm, Mm^Xm, Mm^Xm, Mm^Xm, Mm^Xm, Mm^Xm, Mm^Xm, Mm^Xm, Mm^Xm, Mm^Xm, Mm^Xm, Mm^Xm, Mm^Xm, Mm, Mm^Xm, Mm, Mm^Xm, Mm, Mm^Xm, Mm, Mm^Xm, Mm, Mm, Mm, Mm, Mm, Mm, Mm, Mm, Mm, Mm^Xm, Mm^Xm, Mm^Xm, Mm^Xm, Mm^Xm, Mm^Xm, Mm^Xm, Mm^Xm, Mm^Xm, Mm^Xm, Mm^Xm, Mm^Xm, Mm^Xm, Mm^Xm, Mm^Xm, Wo, Mm^Xm, Mm^Xm, Mm^Xm, Mm^Xm, Mm^Xm, Mm^Xm, Mm^Xm
Mm^Xm, Mm^Xm, Mm^Xm, Mm^Xm, Mm^Xm, Mm^Xm, Mm^Xm, Mm^Xm, Mm^Xm, Mm^Xm, Mm^Xm, Mm^Xm, Mm^Xm, Mm^Xm, Mm^Xm, Mm^Xm, Mm^Xm, Mm^Xm, Mm^Xm, Mm^Xm, Mm^Xm, Mm^Xm, Mm^Xm, Mm^Xm, Mm, Mm, Mm, Mm, Mm, Mm, Mm, Mm, Mm, Mm, Mm, Mm, Mm, Mm, Mm, Mm, Mm, Mm, Mm, Mm, Mm, Mm, Mm, Mm^Xm, Mm^Xm, Mm^Xm, Mm^Xm, Mm^Xm, Mm^Xm, Mm^Xm, Mm^Xm, Mm^Xm, Mm^Xm, Mm^Xm, Wo, Wo, Wo, Wo, Wo, Mm^Xm, Mm^Xm, Mm^Xm, Mm^Xm, Mm^Xm
Mm^Xm, Mm^Xm, Mm^Xm, Mm^Xm, Mm^Xm, Mm^Xm, Mm^Xm, Mm^Xm, Mm^Xm, Mm^Xm, Mm^Xm, Mm^Xm, Mm^Xm, Mm^Xm, Mm^Xm, Mm^Xm, Mm^Xm, Mm^Xm, Mm^Xm, Mm^Xm, Mm^Xm, Mm^Xm, Mm, Mm, Mm, Mm, Mm, Mm, Mm, Mm, Mm, Mm, Hh, Mm, Hh, Mm, Hh, Mm, Hh, Hh, Hh^Fds, Hh, Hh^Fds, Mm, Mm, Mm, Mm, Mm, Mm, Mm, Mm, Mm^Xm, Mm, Mm^Xm, Mm^Xm, Mm^Xm, Wo, Wo, Wo, Wo, Wo, Wo, Wo, Wo, Mm^Xm, Mm^Xm, Mm^Xm, Mm^Xm
Mm^Xm, Mm^Xm, Mm^Xm, Mm^Xm, Mm^Xm, Mm^Xm, Mm^Xm, Mm^Xm, Mm^Xm, Mm^Xm, Mm^Xm, Mm^Xm, Mm^Xm, Mm^Xm, Mm^Xm, Mm^Xm, Mm^Xm, Mm^Xm, Mm^Xm, Mm^Xm, Mm^Xm, Mm, Mm, Mm, Mm, Mm, Mm, Mm, Hh^Fds, Mm, Hh^Fds, Hh, Hh^Fds, Hh, Hh^Fds, Hh, Hh^Fds, Hh^Fds, Hh^Fds, Hh^Fds, Hh^Fds, Hh^Fds, Hh^Fds, Hh^Fds, Hh^Fds, Mm, Mm, Mm, Mm, Mm, Mm, Mm, Mm, Mm, Mm, Mm^Xm, Wo, Wo, Wo, Wo, Wo, Wo, Wo, Wo, Mm^Xm, Mm^Xm, Mm^Xm, Mm^Xm
Mm^Xm, Mm^Xm, Mm^Xm, Mm^Xm, Mm^Xm, Mm^Xm, Mm^Xm, Mm^Xm, Mm^Xm, Mm^Xm, Mm^Xm, Mm^Xm, Mm^Xm, Mm^Xm, Mm^Xm, Mm^Xm, Mm^Xm, Mm^Xm, Mm^Xm, Mm^Xm, Mm, Mm, Mm, Mm, Mm, Mm, Hh^Fds, Hh^Fds, Hh^Fds, Hh^Fds, Hh^Fds, Hh^Fds, Hh^Fds, Hh^Fds, Hh^Fds, Hh^Fds, Hh^Fds, Hh^Fds, Hh^Fds, Hh^Fds, Hh^Fds, Hh^Fds, Hh^Fds, Hh^Fds, Hh^Fds, Gs^Fds, Hh^Fds, Mm, Hh, Mm, Mm, Mm, Mm, Mm, Mm, Mm^Xm, Wo, Wo, Wo, Wo, Wo, Wo, Wo, Wo, Wo, Mm^Xm, Mm^Xm, Mm^Xm
Mm^Xm, Mm^Xm, Mm^Xm, Mm^Xm, Mm^Xm, Mm^Xm, Mm^Xm, Mm^Xm, Mm^Xm, Mm^Xm, Mm^Xm, Mm^Xm, Wo, Mm^Xm, Mm^Xm, Mm^Xm, Mm^Xm, Mm^Xm, Mm^Xm, Mm^Xm, Mm, Mm, Mm, Mm, Hh^Fds, Hh^Fds, Hh^Fds, Hh^Fds, Hh^Fds, Hh^Fds, Hh^Fds, Hh^Fds, Hh^Fds, Hh^Fds, Gs^Fds, Hh^Fds, Gs^Fds, Hh^Fds, Gs^Fds, Hh^Fds, Gs^Fds, Gs^Fds, Hh^Fds, Hh^Fds, Hh^Fds, Hh^Fds, Hh^Fds, Hh^Fds, Hh^Fds, Hh^Fds, Hh^Fds, Mm, Hh, Mm, Mm, Mm, Wo, Wo, Wo, Wo, Wo, Wo, Wo, Wo, Wo, Mm^Xm, Mm^Xm, Mm^Xm
Mm^Xm, Mm^Xm, Mm^Xm, Mm^Xm, Mm^Xm, Mm^Xm, Mm^Xm, Mm^Xm, Mm^Xm, Mm^Xm, Wo, Wo, Wo, Wo, Wo, Wo, Wo, Mm^Xm, Mm^Xm, Mm, Mm, Mm, Mm, Hh^Fds, Hh^Fds, Hh^Fds, Hh^Fds, Hh^Fds, Gs^Fds, Hh^Fds, Gs^Fds, Gs^Fds, Gg^Ve, Gg, Gg, Gg, Gg, Gg, Gg, Gs^Fds, Gg, Gg, Gg, Gg^Ve, Hh^Fds, Hh^Fds, Hh^Fds, Hh^Fds, Hh^Fds, Hh^Fds, Hh^Fds, Hh, Hh, Hh, Mm, Mm, Mm, Wo, Ww, Wo, Wo, Wo, Wo, Wo, Wo, Mm^Xm, Mm^Xm, Mm^Xm
Mm^Xm, Mm^Xm, Mm^Xm, Mm^Xm, Mm^Xm, Mm^Xm, Mm^Xm, Mm^Xm, Mm^Xm, Mm^Xm, Wo, Wo, Wo, Wo, Wo, Wo, Wo, Wo, Mm^Xm, Mm, Mm, Mm, Hh, Hh^Fds, Hh^Fds, Hh^Fds, Gs^Fds, Gs^Fds, Gs^Fds, Gs^Fds, Gg, Gs^Fds, Gg, Gg^Fet, Gg, Gg, Gg, Gg, Gg, Gg, Gs^Fds, Gg, Gg, Gs^Fds, Gg, Gg, Gg, Gg, Gs^Fds, Hh^Fds, Hh^Fds, Hh^Fds, Hh^Fds, Hh, Hh^Fds, Mm, Ww, Ww, Mm, Wo, Wo, Wo, Wo, Wo, Wo, Mm^Xm, Mm^Xm, Mm^Xm
Mm^Xm, Mm^Xm, Mm^Xm, Mm^Xm, Mm^Xm, Mm^Xm, Mm^Xm, Mm^Xm, Mm^Xm, Mm^Xm, Wo, Wo, Wo, Wo, Wo, Wo, Wo, Wo, Wo, Mm, Mm, Mm, Hh, Hh^Fds, Hh^Fds, Hh^Fds, Gg, Gs^Fds, Gg, Gg, Gg, Gg, Gg, Gg, Gg, Gg, Hh^Fds, Gg, Hh^Fds, Hh^Fds, Hh^Fds, Gg, Hh^Fds, Gg, Gg, Gg, Gg, Gg, Gg, Gs^Fds, Gs^Fds, Hh^Fds, Hh^Fds, Hh^Fds, Hh^Fds, Hh^Fds, Ww, Mm, Mm, Mm, Mm, Wo, Wo, Wo, Mm^Xm, Mm^Xm, Mm^Xm, Mm^Xm
Mm^Xm, Mm^Xm, Mm^Xm, Mm^Xm, Mm^Xm, Mm^Xm, Mm^Xm, Mm^Xm, Mm^Xm, Wo, Wo, Wo, Wo, Wo, Wo, Wo, Wo, Wo, Wo, Mm^Xm, Mm, Hh, Hh, Hh^Fds, Hh^Fds, Gg, Gg, Gg, Gg, Gg, Gg, Gg, Gg, Gg, Hh^Fds, Hh^Fds, Hh^Fds, Cv, Kv, Cv, Hh^Fds, Hh^Fds, Hh^Fds, Hh^Fds, Hh^Fds, Gg, Gg, Gg, Gg, Gg^Fet, Gg, Hh^Fds, Hh^Fds, Hh^Fds, Hh^Fds, Hh^Fds, Ww, Ww, Mm, Mm, Mm, Mm^Xm, Mm^Xm, Mm^Xm, Mm^Xm, Mm^Xm, Mm^Xm, Mm^Xm
Mm^Xm, Mm^Xm, Mm^Xm, Mm^Xm, Mm^Xm, Mm^Xm, Mm^Xm, Mm^Xm, Mm^Xm, Wo, Wo, Wo, Wo, Wo, Wo, Wo, Wo, Wo, Wo, Mm, Mm, Hh, Hh, Hh^Fds, Hh^Fds, Gg, Gg, Gg, Gg, Gg, Hh^Fds, Hh^Fds, Hh^Fds, Hh^Fds, Hh^Fds, Hh^Fds, Hh, Cv, Cv, Cv, Hh^Fds, Hh^Fds, Hh, Hh^Fds, Hh, Hh^Fds, Hh^Fds, Gg, Gg, Gg, Gg, Gs^Fds, Gs^Fds, Gs^Fds, Hh^Fds, Ww, Hh^Fds, Hh^Fds, Hh, Mm, Mm, Mm, Mm^Xm, Mm^Xm, Mm^Xm, Mm^Xm, Mm^Xm, Mm^Xm
Mm^Xm, Mm^Xm, Mm^Xm, Mm^Xm, Mm^Xm, Mm^Xm, Mm^Xm, Mm^Xm, Mm^Xm, Wo, Wo, Wo, Wo, Wo, Wo, Wo, Wo, Wo, Mm, Mm, Hh, Hh, Hh^Fds, Hh^Fds, Hh^Fds, Gg, Gg, Gg^Fet, Hh^Fds, Hh^Fds, Hh^Fds, Hh^Fds, Hh^Fds, Hh^Fds, Hh^Fds, Hh, Mm, Mm, Mm, Mm, Mm, Mm, Mm, Hh, Mm, Hh, Hh^Fds, Hh^Fds, Gg, Gg, Gg, Gs^Fds, Gg, Gs^Fds, Gs^Fds, Ww, Hh^Fds, Hh, Hh, Mm, Mm, Mm, Mm^Xm, Mm^Xm, Mm^Xm, Mm^Xm, Mm^Xm, Mm^Xm
Mm^Xm, Mm^Xm, Mm^Xm, Mm^Xm, Mm^Xm, Mm^Xm, Mm^Xm, Mm^Xm, Mm^Xm, Mm^Xm, Mm^Xm, Wo, Wo, Wo, Wo, Wo, Ww, Wo, Gs^Fds, Hh, Hh^Fds, Hh^Fds, Hh^Fds, Hh^Fds, Cv, Gg, Gg, Hh^Fds, Hh^Fds, Hh^Fds, Hh^Fds, Hh^Fds, Hh^Fds, Hh^Fds, Hh^Fds, Hh, Mm, Mm, Mm, Mm, Mm, Mm, Mm, Mm, Mm, Hh, Hh^Fds, Hh^Fds, Gs^Fds, Gg, Gg, Gg, Gg, Gg^Ve, Ww, Ww, Hh^Fds, Hh, Hh, Mm, Mm, Mm, Mm^Xm, Mm^Xm, Mm^Xm, Mm^Xm, Mm^Xm, Mm^Xm
Mm^Xm, Mm^Xm, Mm^Xm, Mm^Xm, Mm^Xm, Mm^Xm, Mm^Xm, Mm^Xm, Mm^Xm, Mm^Xm, Mm^Xm, Mm^Xm, Mm^Xm, Wo, Mm, Wo, Ww, Gg^Fet, Hh^Fds, Hh^Fds, Hh^Fds, Hh^Fds, Hh^Fds, Gs^Fds, Gg, Gg, Cv, Hh^Fds, Hh^Fds, Hh^Fds, Hh, Hh^Fds, Hh^Fds, Hh^Fds, Mm, Mm, Mm, Mm, Mm, Mm, Mm, Mm, Mm, Mm, Mm, Hh, Hh^Fds, Hh^Fds, Gs^Fds, Gg, Gg, Gg, Gg, Gs^Fds, Ww, Ww, Hh^Fds, Hh, Hh, Mm, Mm, Mm, Mm, Mm^Xm, Mm^Xm, Mm^Xm, Mm^Xm, Mm^Xm
Mm^Xm, Mm^Xm, Mm^Xm, Mm^Xm, Mm^Xm, Mm^Xm, Mm^Xm, Mm^Xm, Mm^Xm, Mm^Xm, Mm, Mm, Mm, Mm, Hh, Hh, Ww, Ww, Hh^Fds, Hh^Fds, Hh^Fds, Hh^Fds, Gg, Gg, Gg, Gg, Hh^Fds, Hh^Fds, Hh^Fds, Hh, Mm, Mm, Mm, Mm, Mm, Mm, Mm, Mm, Mm^Xm, Mm, Mm^Xm, Mm, Mm^Xm, Mm, Mm, Hh, Hh^Fds, Hh^Fds, Gs^Fds, Gg, Gg, Gg, Gs^Fds, Ww, Gs^Fds, Hh^Fds, Hh^Fds, Hh^Fds, Hh^Fds, Mm, Mm, Mm, Mm, Mm^Xm, Mm^Xm, Mm^Xm, Mm^Xm, Mm^Xm
Mm^Xm, Mm^Xm, Mm^Xm, Mm^Xm, Mm^Xm, Mm^Xm, Mm, Mm, Mm, Mm, Mm, Mm, Mm, Mm, Hh, Hh, Hh^Fds, Ww, Hh^Fds, Hh^Fds, Gg, Gg, Gg, Gg, Hh^Fds, Hh^Fds, Hh^Fds, Hh^Fds, Hh^Fds, Hh, Mm, Mm, Mm, Mm, Mm, Mm, Mm^Xm, Mm^Xm, Mm^Xm, Mm^Xm, Mm^Xm, Mm^Xm, Mm^Xm, Mm, Mm, Hh, Hh, Hh^Fds, Hh^Fds, Gg^Fet, Gg, Gg, Gs^Fds, Ww, Gs^Fds, Hh^Fds, Hh^Fds, Hh^Fds, Hh^Fds, Hh, Hh, Mm, Mm, Mm, Mm, Mm^Xm, Mm^Xm, Mm^Xm
Mm^Xm, Mm^Xm, Mm^Xm, Mm^Xm, Mm, Mm, Mm, Mm, Mm, Mm, Hh, Hh, Hh, Hh, Hh^Fds, Hh^Fds, Ww, Ww, Gg, Gg, Gg, Gg, Hh^Fds, Gg^Ve, Hh^Fds, Hh^Fds, Hh^Fds, Hh^Fds, Hh, Mm, Mm, Mm, Mm, Mm, Mm, Mm, Mm^Xm, Mm^Xm, Mm^Xm, Mm^Xm, Mm^Xm, Mm^Xm, Mm^Xm, Mm, Mm, Hh, Hh, Hh, Hh^Fds, Gs^Fds, Gg, Gg, Gg, Ww, Ww, Gs^Fds, Gs^Fds, Hh^Fds, Hh^Fds, Hh^Fds, Hh^Fds, Hh, Hh, Mm, Mm, Mm^Xm, Mm^Xm, Mm^Xm
Mm^Xm, Mm^Xm, Mm^Xm, Mm^Xm, Mm, Mm, Mm, Mm, Hh, Hh, Hh^Fds, Hh^Fds, Hh^Fds, Hh^Fds, Ww, Ww, Ww, Gg, Gg, Gg, Gg, Gs^Fds, Hh^Fds, Hh^Fds, Hh^Fds, Hh^Fds, Hh, Hh, Mm, Mm, Mm, Mm, Mm^Xm, Mm^Xm, Mm^Xm, Mm^Xm, Mm^Xm, Mm^Xm, Mm^Xm, Mm^Xm, Mm^Xm, Mm^Xm, Mm^Xm, Mm, Mm, Mm, Hh, Hh, Hh^Fds, Gs^Fds, Gs^Fds, Gg, Gg, Gg, Ww, Gs^Fds, Gs^Fds, Gg^Ve, Gg^Fet, Hh^Fds, Hh^Fds, Hh^Fds, Hh, Mm, Mm, Mm, Mm^Xm, Mm^Xm
Mm^Xm, Mm^Xm, Mm^Xm, Mm, Mm, Mm, Mm, Hh^Fds, Hh^Fds, Hh^Fds, Hh^Fds, Hh^Fds, Hh^Fds, Hh^Fds, Ww^Vm, Ww, Gg, Gg, Gg, Gg, Hh^Fds, Hh^Fds, Hh^Fds, Hh^Fds, Hh, Mm, Mm, Mm, Mm, Mm, Mm, Mm^Xm, Mm^Xm, Mm^Xm, Mm^Xm, Mm^Xm, Mm^Xm, Mm^Xm, Mm^Xm, Mm^Xm, Mm^Xm, Mm^Xm, Mm^Xm, Mm, Mm, Mm, Hh^Fds, Hh^Fds, Hh^Fds, Gs^Fds, Gs^Fds, Gs^Fds, Gg, Ww, Gg, Gs^Fds, Gs^Fds, Gg, Gs^Fds, Gs^Fds, Hh^Fds, Hh^Fds, Hh^Fds, Hh, Mm, Mm, Mm, Mm^Xm
Mm^Xm, Mm^Xm, Mm^Xm, Mm, Mm, Mm, Mm, Hh^Fds, Hh^Fds, Hh^Fds, Gs^Fds, Hh^Fds, Gg^Efm, Gs^Fds, Gs^Fds, Ww, Ww, Gg, Gg, Gg, Hh^Fds, Hh^Fds, Hh^Fds, Hh^Fds, Hh, Mm, Mm, Mm, Mm, Mm, Mm^Xm, Mm^Xm, Mm^Xm, Mm^Xm, Mm^Xm, Mm^Xm, Mm^Xm, Mm^Xm, Mm^Xm, Mm^Xm, Mm^Xm, Mm^Xm, Mm^Xm, Mm, Mm, Mm, Hh^Fds, Hh^Fds, Hh^Fds, Gs^Fds, Gg, Gg, Ww, Ww, Gg, Gg, Gs^Fds, Gg, Gs^Fds, Gs^Fds, Hh^Fds, Hh^Fds, Hh^Fds, Hh, Mm, Mm, Mm, Mm^Xm
Mm^Xm, Mm^Xm, Mm^Xm, Mm, Mm, Mm, Hh^Fds, Hh^Fds, Hh^Fds, Hh^Fds, Gg^Ve, Gg^Efm, Gg^Efm, Gg^Efm, Gg^Efm, Ww, Ww, Gg, Gg, Hh^Fds, Hh^Fds, Hh^Fds, Hh^Fds, Hh^Fds, Mm, Mm, Mm, Mm, Mm^Xm, Mm^Xm, Mm^Xm, Mm^Xm, Mm^Xm, Mm^Xm, Mm^Xm, Mm^Xm, Mm^Xm, Mm^Xm, Mm^Xm, Mm^Xm, Mm^Xm, Mm^Xm, Mm^Xm, Mm, Mm, Mm, Hh, Hh^Fds, Hh^Fds, Cv, Gg, Ww, Ww, Cv, Gg, Gg, Gg, Gg, Hh^Fds, Hh^Fds, Hh^Fds, Hh^Fds, Hh, Mm, Mm, Mm, Mm^Xm, Mm^Xm
Mm^Xm, Mm^Xm, Mm^Xm, Mm, Mm, Mm, Hh^Fds, Hh^Fds, Hh^Fds, Hh^Fds, Gs^Fds, Gg^Efm, Gg^Efm, Gg^Efm, Gg^Efm, Gg^Efm, Ww^Bw\, Gg, Gg, Hh^Fds, Hh^Fds, Hh^Fds, Hh, Mm, Mm, Mm, Mm, Mm^Xm, Mm^Xm, Mm^Xm, Mm^Xm, Mm^Xm, Mm^Xm, Mm^Xm, Mm^Xm, Mm^Xm, Mm^Xm, Mm^Xm, Mm^Xm, Mm^Xm, Mm^Xm, Mm^Xm, Mm^Xm, Mm, Mm, Mm, Hh, Cv, Kv, Cv, Gg, Cv, Ww, Ww, Gs^Fds, Gg, Gg, Gg, Hh^Fds, Hh^Fds, Hh^Fds, Hh^Fds, Mm, Mm, Mm, Mm, Mm^Xm, Mm^Xm
Mm^Xm, Mm^Xm, Mm^Xm, Mm, Mm, Hh, Hh^Fds, Hh^Fds, Hh^Fds, Gs^Fds, Gs^Fds, Gs^Fds, Gs^Fds, Gs^Fds, Gs^Fds, Gs^Fds, Ww, Gg, Gg, Hh^Fds, Hh^Fds, Hh^Fds, Mm, Mm, Mm, Mm, Mm^Xm, Mm^Xm, Mm^Xm, Mm^Xm, Mm^Xm, Mm^Xm, Mm^Xm, Mm^Xm, Mm^Xm, Mm^Xm, Mm^Xm, Mm^Xm, Mm^Xm, Mm^Xm, Mm^Xm, Mm^Xm, Mm^Xm, Mm^Xm, Mm, Mm, Hh, Hh^Fds, Cv, Cv, Gg, Gg, Gg, Ww, Ww, Gs^Fds, Gs^Fds, Gs^Fds, Hh^Fds, Hh^Fds, Hh^Fds, Hh^Fds, Mm, Mm, Mm, Mm, Mm^Xm, Mm^Xm
Mm^Xm, Mm^Xm, Mm^Xm, Mm, Mm, Hh, Hh, Hh^Fds, Hh^Fds, Hh^Fds, Hh^Fds, Gs^Fds, Gs^Fds, Gs^Fds, Gs^Fds, Ww, Ww, Gg, Gg, Hh^Fds, Hh^Fds, Hh^Fds, Hh, Mm, Mm, Mm, Mm^Xm, Mm^Xm, Mm^Xm, Mm^Xm, Mm^Xm, Mm^Xm, Mm^Xm, Mm^Xm, Mm^Xm, Mm^Xm, Mm^Xm, Mm^Xm, Mm^Xm, Mm^Xm, Mm^Xm, Mm^Xm, Mm^Xm, Mm, Mm, Mm, Hh, Hh^Fds, Hh^Fds, Hh^Fds, Gs^Fds, Gg, Gg, Ww, Ww, Gs^Fds, Gs^Fds, Gs^Fds, Hh^Fds, Hh^Fds, Hh^Fds, Hh, Mm, Mm, Mm, Mm^Xm, Mm^Xm, Mm^Xm
Mm^Xm, Mm^Xm, Mm^Xm, Mm, Mm, Mm, Hh, Hh, Hh^Fds, Hh^Fds, Hh^Fds, Hh^Fds, Hh^Fds, Gs^Fds, Gs^Fds, Ww, Gg, Gg, Gg, Gg, Hh^Fds, Hh^Fds, Hh^Fds, Mm, Mm, Mm, Mm, Mm^Xm, Mm^Xm, Mm^Xm, Mm^Xm, Mm^Xm, Mm^Xm, Mm^Xm, Mm^Xm, Mm^Xm, Mm^Xm, Mm^Xm, Mm^Xm, Mm^Xm, Mm^Xm, Mm^Xm, Mm, Mm, Mm, Hh, Hh^Fds, Hh^Fds, Hh^Fds, Hh^Fds, Gs^Fds, Gs^Fds, Gg, Gg, Ww, Gs^Fds, Gs^Fds, Gs^Fds, Hh^Fds, Hh^Fds, Hh, Hh, Mm, Mm, Mm^Xm, Mm^Xm, Mm^Xm, Mm^Xm
Mm^Xm, Mm^Xm, Mm^Xm, Mm^Xm, Mm, Mm, Mm, Hh, Hh, Hh^Fds, Hh^Fds, Hh^Fds, Hh^Fds, Gs^Fds, Gs^Fds, Ww, Cv, Gg, Gg, Cv, Hh^Fds, Hh^Fds, Hh^Fds, Hh, Mm, Mm, Mm, Mm^Xm, Mm^Xm, Mm^Xm, Mm^Xm, Mm^Xm, Mm^Xm, Mm^Xm, Mm^Xm, Mm^Xm, Mm^Xm, Mm^Xm, Mm^Xm, Mm^Xm, Mm^Xm, Mm^Xm, Mm, Mm, Mm, Hh, Hh^Fds, Hh^Fds, Hh^Fds, Gs^Fds, Gs^Fds, Gg, Gg, Gg, Ww, Gs^Fds, Gs^Fds, Gs^Fds, Hh^Fds, Hh, Hh, Mm, Mm, Mm, Mm^Xm, Mm^Xm, Mm^Xm, Mm^Xm
Mm^Xm, Mm^Xm, Mm^Xm, Mm^Xm, Mm^Xm, Mm, Mm, Mm, Mm, Hh, Hh, Hh^Fds, Hh^Fds, Gs^Fds, Gs^Fds, Ww, Ww, Cv, Gg, Cv, Kv, Hh^Fds, Hh^Fds, Hh^Fds, Mm, Mm, Mm, Mm, Mm^Xm, Mm^Xm, Mm^Xm, Mm^Xm, Mm^Xm, Mm^Xm, Mm^Xm, Mm^Xm, Mm^Xm, Mm^Xm, Mm^Xm, Mm^Xm, Mm^Xm, Mm, Mm, Mm, Hh^Fds, Hh^Fds, Hh^Fds, Hh^Fds, Gs^Fds, Gs^Fds, Gg, Gg, Gg, Gs^Fds, Ww, Gs^Fds, Gs^Fds, Gs^Fds, Hh^Fds, Hh, Hh, Mm, Mm, Mm^Xm, Mm^Xm, Mm^Xm, Mm^Xm, Mm^Xm
Mm^Xm, Mm^Xm, Mm^Xm, Mm^Xm, Mm^Xm, Mm^Xm, Mm, Mm, Mm, Mm, Hh, Hh, Hh, Gs^Fds, Gs^Fds, Gs^Fds, Ww, Kv, Cv, Gg, Cv, Hh^Fds, Hh^Fds, Hh^Fds, Mm, Mm, Mm, Mm, Mm^Xm, Mm^Xm, Mm^Xm, Mm^Xm, Mm^Xm, Mm^Xm, Mm^Xm, Mm^Xm, Mm^Xm, Mm^Xm, Mm^Xm, Mm^Xm, Mm, Mm, Mm, Mm, Hh^Fds, Hh^Fds, Hh^Fds, Hh^Fds, Gs^Fds, Gg^Ve, Gg, Gg, Ww, Ww^Bw\r, Gs^Fds, Gs^Fds, Gs^Fds, Gs^Fds, Hh^Fds, Hh^Fds, Hh, Mm, Mm, Mm, Mm, Mm^Xm, Mm^Xm, Mm^Xm
Mm^Xm, Mm^Xm, Mm^Xm, Mm^Xm, Mm^Xm, Mm^Xm, Mm^Xm, Mm, Mm, Mm, Hh, Hh, Hh, Hh^Fds, Gs^Fds, Gs^Fds, Ww, Ww, Gg, Gg, Hh^Fds, Hh^Fds, Hh^Fds, Hh^Fds, Mm, Mm, Mm, Mm^Xm, Mm, Mm^Xm, Mm^Xm, Mm^Xm, Mm^Xm, Mm^Xm, Mm^Xm, Mm^Xm, Mm^Xm, Mm^Xm, Mm^Xm, Mm^Xm, Mm, Mm, Mm, Hh, Hh^Fds, Hh^Fds, Hh^Fds, Hh^Fds, Gs^Fds, Gs^Fds, Gg, Gg, Ww, Gs^Fds, Gg, Gg, Gg, Gs^Fds, Hh^Fds, Hh^Fds, Hh^Fds, Hh, Mm, Mm, Mm, Mm^Xm, Mm^Xm, Mm^Xm
Mm^Xm, Mm^Xm, Mm^Xm, Mm^Xm, Mm^Xm, Mm^Xm, Mm^Xm, Mm^Xm, Mm^Xm, Mm, Mm, Hh, Hh, Hh^Fds, Hh^Fds, Gs^Fds, Ww, Ww, Gg, Gg, Hh^Fds, Hh^Fds, Hh^Fds, Mm, Mm, Mm, Mm, Mm, Mm, Mm, Mm, Mm^Xm, Mm^Xm, Mm^Xm, Mm^Xm, Mm^Xm, Mm^Xm, Mm^Xm, Mm^Xm, Mm^Xm, Mm, Mm, Mm, Hh^Fds, Hh^Fds, Hh^Fds, Hh^Fds, Gs^Fds, Gs^Fds, Gs^Fds, Gg, Gs^Fds, Ww, Gs^Fds, Gg, Gg, Gg, Gg^Ve, Gs^Fds, Hh^Fds, Hh^Fds, Hh, Hh, Mm, Mm, Mm, Mm^Xm, Mm^Xm
Mm^Xm, Mm^Xm, Mm^Xm, Mm^Xm, Mm^Xm, Mm^Xm, Mm^Xm, Mm^Xm, Mm^Xm, Mm, Mm, Hh, Hh, Hh^Fds, Ww, Ww, Gs^Fds, Gg, Gg, Gg, Hh^Fds, Hh^Fds, Hh^Fds, Mm, Mm, Mm, Mm, Mm, Mm, Mm, Mm, Mm, Mm, Mm^Xm, Mm^Xm, Mm^Xm, Mm^Xm, Mm^Xm, Mm^Xm, Mm^Xm, Mm, Mm, Mm, Hh^Fds, Hh^Fds, Hh^Fds, Hh^Fds, Gs^Fds, Gs^Fds, Gg, Gg, Gg, Ww, Gs^Fds, Gs^Fds, Gs^Fds, Gg, Gg, Gs^Fds, Hh^Fds, Hh^Fds, Hh^Fds, Hh, Hh, Mm, Mm, Mm^Xm, Mm^Xm
Mm^Xm, Mm^Xm, Mm^Xm, Mm^Xm, Mm^Xm, Mm^Xm, Mm^Xm, Mm^Xm, Mm^Xm, Mm, Mm, Hh, Hh^Fds, Hh^Fds, Hh^Fds, Ww, Gg^Ve, Gg, Gg, Gs^Fds, Cv, Hh^Fds, Hh^Fds, Mm, Hh, Mm, Hh, Hh, Hh^Fds, Mm, Mm, Mm, Mm, Mm, Mm, Mm^Xm, Mm^Xm, Mm^Xm, Mm^Xm, Mm^Xm, Mm, Mm, Mm, Gs^Fds, Hh, Hh^Fds, Hh^Fds, Hh^Fds, Hh^Fds, Gg, Gg, Gg, Ww, Ww, Gs^Fds, Gs^Fds, Gs^Fds, Gg, Gs^Fds, Gs^Fds, Gs^Fds, Hh^Fds, Hh, Hh, Hh, Mm, Mm^Xm, Mm^Xm
Mm^Xm, Mm^Xm, Mm^Xm, Mm^Xm, Mm^Xm, Mm^Xm, Mm^Xm, Mm^Xm, Mm^Xm, Mm, Mm, Hh, Hh, Hh^Fds, Hh^Fds, Ww, Ww, Gs^Fds, Gs^Fds, Gg, Hh^Fds, Hh^Fds, Hh^Fds, Hh^Fds, Hh^Fds, Hh^Fds, Hh^Fds, Hh^Fds, Hh^Fds, Hh^Fds, Hh^Fds, Mm, Mm, Mm, Mm, Mm^Xm, Mm^Xm, Mm^Xm, Mm^Xm, Mm^Xm, Mm, Mm, Mm, Mm, Mm, Hh, Hh, Hh^Fds, Hh^Fds, Hh^Fds, Gg, Gs^Fds, Gs^Fds, Ww, Ww, Ww, Gs^Fds, Gs^Fds, Gs^Fds, Gs^Fds, Gs^Fds, Hh^Fds, Hh^Fds, Hh, Hh, Hh, Mm, Mm^Xm
Mm^Xm, Mm^Xm, Mm^Xm, Mm^Xm, Mm^Xm, Mm^Xm, Mm^Xm, Mm^Xm, Mm^Xm, Mm, Mm, Mm, Hh, Hh^Fds, Hh^Fds, Hh^Fds, Ww, Ww, Gs^Fds, Gg, Gg, Hh^Fds, Hh^Fds, Hh^Fds, Hh^Fds, Hh^Fds, Hh^Fds, Hh^Fds, Hh^Fds, Hh^Fds, Hh^Fds, Hh^Fds, Hh, Mm, Mm, Mm, Mm, Mm^Xm, Mm^Xm, Mm^Xm, Mm^Xm, Mm, Mm, Mm, Mm, Mm, Hh, Hh^Fds, Hh^Fds, Hh^Fds, Gs^Fds, Gg, Gg, Gs^Fds, Gs^Fds, Ww, Gs^Fds, Gs^Fds, Gs^Fds, Gs^Fds, Gs^Fds, Hh^Fds, Hh^Fds, Hh, Hh, Hh, Mm, Mm^Xm
Mm^Xm, Mm^Xm, Mm^Xm, Mm^Xm, Mm^Xm, Mm^Xm, Mm^Xm, Mm^Xm, Mm^Xm, Mm^Xm, Mm, Mm, Hh, Hh^Fds, Hh^Fds, Hh^Fds, Gg, Ww, Ww, Gg, Gg, Hh^Fds, Hh^Fds, Hh^Fds, Hh^Fds, Hh^Fds, Gs^Fds, Cv, Gs^Fds, Hh^Fds, Hh^Fds, Hh^Fds, Hh^Fds, Hh, Mm, Mm, Mm, Mm^Xm, Mm^Xm, Mm^Xm, Mm^Xm, Mm^Xm, Mm^Xm, Mm, Mm, Mm, Hh, Hh, Hh^Fds, Hh^Fds, Gs^Fds, Gs^Fds, Gg, Gs^Fds, Gg, Ww, Gs^Fds, Gs^Fds, Gs^Fds, Gs^Fds, Hh^Fds, Hh^Fds, Hh^Fds, Hh, Mm, Mm, Mm, Mm^Xm
Mm^Xm, Mm^Xm, Mm^Xm, Mm^Xm, Mm^Xm, Mm^Xm, Mm^Xm, Mm^Xm, Mm^Xm, Mm^Xm, Mm, Mm, Hh, Hh^Fds, Hh^Fds, Hh^Fds, Gg, Gg, Ww, Gg, Gg, Gs^Fds, Gg, Gs^Fds, Gg^Efm, Cv, Cv, Gg^Fet, Cv, Cv, Gs^Fds, Hh^Fds, Hh^Fds, Hh^Fds, Mm, Mm, Mm, Mm^Xm, Mm^Xm, Mm^Xm, Mm^Xm, Mm^Xm, Mm^Xm, Mm^Xm, Mm^Xm, Mm, Mm, Hh, Hh^Fds, Hh^Fds, Hh^Fds, Gs^Fds, Gg, Gg, Gg, Ww, Gs^Fds, Gs^Fds, Gs^Fds, Hh^Fds, Hh^Fds, Hh^Fds, Hh, Hh, Mm, Mm, Mm^Xm, Mm^Xm
Mm^Xm, Mm^Xm, Mm^Xm, Mm^Xm, Mm^Xm, Mm^Xm, Mm^Xm, Mm^Xm, Mm^Xm, Mm^Xm, Mm, Mm, Mm, Hh^Fds, Hh^Fds, Gg, Gg, Gs^Fds, Ww, Gg, Gg, Gg, Gg, Gg^Efm, Gg^Efm, Gg^Efm, Cv, 2 Kv, Cv, Gs^Fds, Hh^Fds, Hh^Fds, Hh^Fds, Hh^Fds, Mm, Mm, Mm, Mm^Xm, Mm^Xm, Mm^Xm, Mm^Xm, Mm^Xm, Mm^Xm, Mm^Xm, Mm^Xm, Mm, Mm, Hh, Hh, Hh^Fds, Hh^Fds, Gs^Fds, Gg, Gg, Gg^Fet, Ww, Gs^Fds, Gs^Fds, Hh^Fds, Hh^Fds, Hh^Fds, Hh^Fds, Hh, Mm, Mm, Mm, Mm^Xm, Mm^Xm
Mm^Xm, Mm^Xm, Mm^Xm, Mm^Xm, Mm^Xm, Mm^Xm, Mm^Xm, Mm^Xm, Mm^Xm, Mm^Xm, Mm, Mm, Mm, Hh, Hh, Gg, Hh^Fds, Hh^Fds, Gs^Fds, Ww, Gs^Fds, Gg, Gg, Gg, Gg^Efm, Cv, Gs^Fds, Gg^Fet, Gs^Fds, Cv, Hh^Fds, Hh^Fds, Hh^Fds, Hh, Mm, Mm, Mm, Mm^Xm, Mm^Xm, Mm^Xm, Mm^Xm, Mm^Xm, Mm^Xm, Mm^Xm, Mm^Xm, Mm, Mm, Mm, Hh, Hh^Fds, Hh^Fds, Gg^Ve, Gg, Gg, Gs^Fds, Ww, Ww, Gs^Fds, Hh^Fds, Hh^Fds, Hh^Fds, Hh^Fds, Mm, Mm, Mm, Mm^Xm, Mm^Xm, Mm^Xm
Mm^Xm, Mm^Xm, Mm^Xm, Mm^Xm, Mm^Xm, Mm^Xm, Mm^Xm, Mm^Xm, Mm^Xm, Mm^Xm, Mm, Mm, Mm, Mm, Hh, Hh^Fds, Hh^Fds, Hh^Fds, Gs^Fds, Ww, Gg, Gg, Gg, Gg, Gs^Fds, Gs^Fds, Gs^Fds, Cv, Gs^Fds, Hh^Fds, Hh^Fds, Hh^Fds, Hh^Fds, Mm, Mm, Mm, Mm, Mm^Xm, Mm^Xm, Mm^Xm, Mm^Xm, Mm^Xm, Mm^Xm, Mm^Xm, Mm^Xm, Mm^Xm, Mm, Mm, Mm, Hh^Fds, Hh^Fds, Gg, Gg, Gg, Gg, Ww, Ww, Gs^Fds, Hh^Fds, Hh^Fds, Hh^Fds, Gs^Fds, Mm, Mm, Mm, Mm^Xm, Mm^Xm, Mm^Xm
Mm^Xm, Mm^Xm, Mm^Xm, Mm^Xm, Mm^Xm, Mm^Xm, Mm^Xm, Mm^Xm, Mm, Mm, Mm, Mm, Mm, Mm, Hh, Hh^Fds, Hh^Fds, Hh^Fds, Ww, Ww, Gg, Gg, Gs^Ve, Gs^Fds, Hh^Fds, Gs^Fds, Gs^Fds, Gs^Fds, Hh^Fds, Hh^Fds, Hh^Fds, Hh^Fds, Mm, Mm, Mm, Mm, Mm, Mm^Xm, Mm^Xm, Mm^Xm, Mm^Xm, Mm^Xm, Mm^Xm, Mm^Xm, Mm^Xm, Mm^Xm, Mm, Mm, Mm, Hh, Hh^Fds, Hh^Fds, Gg, Gg, Gs^Fds, Gs^Fds, Ww, Ww^Vm, Hh^Fds, Hh^Fds, Hh^Fds, Mm, Mm, Mm, Mm, Mm, Mm^Xm, Mm^Xm
Mm^Xm, Mm^Xm, Mm^Xm, Mm^Xm, Mm, Mm, Mm, Mm, Mm, Mm, Mm, Mm, Mm, Mm, Hh, Hh^Fds, Ww, Ww, Gg, Ww, Gg, Hh^Fds, Hh^Fds, Hh^Fds, Hh^Fds, Hh^Fds, Hh^Fds, Hh^Fds, Hh^Fds, Hh^Fds, Hh, Hh, Mm, Mm, Mm, Mm, Mm^Xm, Mm^Xm, Mm^Xm, Mm^Xm, Mm^Xm, Mm^Xm, Mm^Xm, Mm^Xm, Mm^Xm, Mm^Xm, Mm, Mm, Mm, Hh, Hh^Fds, Hh^Fds, Gg, Gg, Gg, Gs^Fds, Ww, Gs^Fds, Hh^Fds, Hh^Fds, Hh, Hh, Mm, Mm, Mm, Mm, Mm^Xm, Mm^Xm
Mm^Xm, Mm^Xm, Mm^Xm, Mm, Mm, Mm, Mm, Mm, Mm, Mm, Mm, Mm, Mm, Hh, Mm, Hh, Ww, Cv, Gg, Gg, Hh^Fds, Hh^Fds, Hh^Fds, Hh^Fds, Hh, Hh^Fds, Hh, Hh^Fds, Hh^Fds, Hh, Mm, Mm, Mm, Mm, Mm, Mm, Mm^Xm, Mm^Xm, Mm^Xm, Mm^Xm, Mm^Xm, Mm^Xm, Mm, Mm, Mm, Mm, Mm, Mm, Mm, Hh, Hh^Fds, Hh^Fds, Gg, Gg, Gs^Fds, Ww, Gs^Fds, Gs^Fds, Gs^Fds, Hh^Fds, Hh, Hh, Mm, Mm, Mm^Xm, Mm^Xm, Mm^Xm, Mm^Xm
Mm^Xm, Mm^Xm, Mm, Mm, Mm, Mm, Mm, Mm, Mm, Mm, Mm, Mm, Mm, Mm, Mm, Ww, Ww, Gg, Hh, Hh, Hh, Hh^Fds, Hh, Hh, Mm, Hh, Mm, Hh, Mm, Mm, Mm, Mm, Mm, Mm, Mm^Xm, Mm^Xm, Mm^Xm, Mm^Xm, Mm^Xm, Mm^Xm, Mm^Xm, Mm^Xm, Mm, Mm, Mm, Mm, Mm, Mm, Hh, Hh^Fds, Hh^Fds, Gg, Gg, Gs^Fds, Ww, Ww, Gs^Fds, Gs^Fds, Gs^Fds, Hh^Fds, Hh, Hh, Mm, Mm^Xm, Mm^Xm, Mm^Xm, Mm^Xm, Mm^Xm
Mm^Xm, Mm, Mm, Mm, Mm, Mm, Hh, Mm, Mm, Mm, Mm, Mm, Hh, Hh, Hh, Hh^Fet, Ww^Bw/, Gg, Mm, Hh, Mm, Hh, Mm, Mm, Mm, Mm, Mm, Mm, Mm, Mm, Mm, Mm, Mm^Xm, Mm^Xm, Mm^Xm, Mm^Xm, Mm^Xm, Mm^Xm, Mm^Xm, Mm^Xm, Mm, Mm, Mm, Mm, Mm, Mm, Hh^Fds, Hh, Hh^Fds, Hh^Fds, Hh^Fds, Hh^Fds, Gg, Gs^Fds, Ww, Ww, Gs^Fds, Gs^Fds, Gs^Fds, Hh^Fds, Hh, Hh, Hh, Mm, Mm, Mm^Xm, Mm^Xm, Mm^Xm
Gll^Fmf, Mm, Mm, Mm, Gll^Fmf, Gll^Fmf, Mm, Mm, Mm, Mm, Hh, Hh, Ww, Ww, Ww, Ww^Bw|, Ww, Hh^Fet, Hh, Mm, Mm, Mm, Mm, Mm, Mm, Mm, Mm^Xm, Mm, Mm, Mm, Mm^Xm, Mm^Xm, Mm^Xm, Mm^Xm, Mm^Xm, Mm^Xm, Mm^Xm, Mm^Xm, Mm^Xm, Mm^Xm, Mm, Mm, Mm, Mm, Mm, Hh^Fds, Hh^Fds, Hh^Fds, Hh^Fds, Hh^Fds, Gg^Ve, Gg, Gg, Gg, Gs^Fds, Ww, Gs^Fds, Gs^Fds, Gs^Fds, Hh^Fds, Hh^Fds, Hh, Hh, Mm, Mm, Mm, Mm^Xm, Mm^Xm
Gll^Fmf, Gll^Fmf, Hh^Fmf, Hh^Fmf, Gll^Fmf, Gll^Fmf, Mm, Mm, Hh, Hh, Wwf, Wwf, Wwf, Ww, Gg^Efm, Gg^Efm, Ww, Ww, Ww, Hh, Mm, Mm, Mm, Mm, Mm, Mm, Mm, Mm^Xm, Mm^Xm, Mm^Xm, Mm^Xm, Mm^Xm, Mm^Xm, Mm^Xm, Mm^Xm, Mm^Xm, Mm^Xm, Mm^Xm, Mm^Xm, Mm^Xm, Mm^Xm, Mm, Mm, Mm, Mm, Hh, Hh, Hh^Fds, Hh^Fds, Gs^Fds, Gs^Fds, Gg, Gg, Gg, Gs^Fds, Ww, Ww, Gs^Fds, Gs^Fds, Hh^Fds, Hh^Fds, Hh^Fds, Hh, Mm, Mm, Mm, Mm^Xm, Mm^Xm
Gll^Fmf, Hh^Fmf, Hh^Fmf, Hh^Fmf, Hh^Fmf, Hh^Fmf, Hh^Fmf, Gll^Fmf, Hh^Fmf, Gll^Fmf, Gll^Fmf, Gd^Fetd, Gll, Gg^Efm, Gg^Efm, Gg^Efm, Gg^Efm, Ww, Ww, Hh, Mm, Mm, Mm, Mm, Mm, Mm, Mm, Mm^Xm, Mm^Xm, Mm^Xm, Mm^Xm, Mm^Xm, Mm^Xm, Mm^Xm, Mm^Xm, Mm^Xm, Mm^Xm, Mm^Xm, Mm^Xm, Mm^Xm, Mm^Xm, Mm^Xm, Mm^Xm, Mm, Mm, Hh, Hh, Hh^Fds, Hh^Fds, Hh^Fds, Hh^Fds, Gg, Gg, Gg, Gs^Fds, Cv, Ww, Cv, Gs^Fds, Gs^Fds, Hh^Fds, Hh^Fds, Hh, Hh, Mm, Mm, Mm^Xm, Mm^Xm
Gll^Fmf, Gll^Fmf, Hh^Fmf, Hh^Fmf, Gll^Fmf, Hh^Fmf, Gll^Fmf, Hh^Fmf, Gll^Fmf, Gll^Fmf, Gll^Fmf, Gll^Fmf, Gll, Gll, Gll, Gg^Efm, Wwf, Ww, Hh, Hh, Mm, Mm, Mm, Mm, Mm, Mm, Mm^Xm, Mm^Xm, Mm^Xm, Mm^Xm, Mm^Xm, Mm^Xm, Mm^Xm, Mm^Xm, Mm^Xm, Mm^Xm, Mm^Xm, Mm^Xm, Mm^Xm, Mm^Xm, Mm^Xm, Mm^Xm, Mm^Xm, Mm^Xm, Mm, Mm, Mm, Hh^Fds, Hh^Fds, Hh^Fds, Hh^Fds, Gs^Fds, Gg, Gg, Gs^Fds, Ww, Ww, Gs^Fds, Gs^Fds, Gs^Fds, Gs^Fds, Hh^Fds, Hh, Hh, Mm, Mm, Mm^Xm, Mm^Xm
Gll^Fmf, Gll^Fmf, Hh^Fmf, Hh^Fmf, Gll, Gll^Fmf, Gll, Gll^Fmf, Gll, Gll^Fmf, Gll, Gll^Fmf, Gll, Gll^Fmf, Gll, Gd^Fetd, Wwf, Wwf, Hh, Mm, Mm, Mm, Mm, Mm, Mm, Mm, Mm^Xm, Mm^Xm, Mm^Xm, Mm^Xm, Mm^Xm, Mm^Xm, Mm^Xm, Mm^Xm, Mm^Xm, Mm^Xm, Mm^Xm, Mm^Xm, Mm^Xm, Mm^Xm, Mm^Xm, Mm^Xm, Mm^Xm, Mm^Xm, Mm, Mm, Mm, Hh^Fds, Hh^Fds, Hh^Fds, Gs^Fds, Gg, Gg, Gg, Gs^Fds, Ww, Ww, Gs^Fds, Gg^Ve, Gs^Fds, Gs^Fds, Hh, Hh, Hh, Mm, Mm^Xm, Mm^Xm, Mm^Xm
Gll^Fmf, Hh^Fmf, Hh^Fmf, Gll^Fmf, Gll, Gll, Gll^Fmf, Gll, Gll^Fmf, Gll, Gll^Fmf, Gll, Gll, Gll, Gll^Fmf, Gll, Hh^Fmf, Hh^Fmf, Hh^Fmf, Mm, Hh, Mm, Mm, Mm, Mm, Mm^Xm, Mm^Xm, Mm^Xm, Mm^Xm, Mm^Xm, Mm^Xm, Mm^Xm, Mm^Xm, Mm^Xm, Mm^Xm, Mm^Xm, Mm^Xm, Mm^Xm, Mm^Xm, Mm^Xm, Mm^Xm, Mm^Xm, Mm^Xm, Mm^Xm, Mm, Mm, Mm, Hh, Hh^Fds, Hh^Fds, Gs^Fds, Gg, Gg, Gs^Uf, Sm, Ww, Ww, Ww, Sm, Gs^Fds, Gs^Fds, Hh, Hh, Hh, Mm, Mm^Xm, Mm^Xm, Mm^Xm
Hh^Fmf, Hh^Fmf, Hh^Fmf, Gll, Gll^Fmf, Gll^Fmf, Gll, Gll^Fmf, Gll, Gll, Gll, Gll, Gll, Gll^Fmf, Gll^Fmf, Gll^Fmf, Gll^Fmf, Hh^Fmf, Hh^Fmf, Gll^Fmf, Hh, Mm, Mm, Mm, Mm, Mm^Xm, Mm^Xm, Mm^Xm, Mm^Xm, Mm^Xm, Mm^Xm, Mm^Xm, Mm^Xm, Mm^Xm, Mm^Xm, Mm^Xm, Mm^Xm, Mm^Xm, Mm^Xm, Mm^Xm, Mm^Xm, Mm^Xm, Mm^Xm, Mm^Xm, Mm, Mm, Mm, Hh, Hh^Fds, Hh^Fds, Hh^Fds, Gg, Gg, Gg, Sm, Ww, Ww, Ww, Ww, Gs^Fds, Hh^Fds, Hh, Hh, Hh, Mm, Mm^Xm, Mm^Xm, Mm^Xm
Hh^Fmf, Hh^Fmf, Gll^Fmf, Gll, Gll, Gll, Gll, Gll, Gll, Gll, Gll, Gll, Gll, Gll^Ve, Gll^Fmf, Gll^Fmf, Hh^Fmf, Hh^Fmf, Gll^Fmf, Gll^Fmf, Gll^Fmf, Mm, Mm, Mm, Mm^Xm, Mm^Xm, Mm^Xm, Mm^Xm, Mm^Xm, Mm^Xm, Mm^Xm, Mm^Xm, Mm^Xm, Mm^Xm, Mm^Xm, Mm^Xm, Mm^Xm, Mm^Xm, Mm^Xm, Mm^Xm, Mm^Xm, Mm^Xm, Mm^Xm, Mm^Xm, Mm, Mm, Mm, Hh, Hh^Fds, Hh^Fds, Hh^Fds, Hh^Fds, Gs^Uf, Gg, Sm^Em, Ww, Ww, Ww, Sm^Em, Sm^Em, Hh^Fds, Hh^Fds, Hh, Hh, Mm, Mm, Mm^Xm, Mm^Xm
Gll^Fmf, Gll^Fmf, Gll^Fmf, Gll^Fmf, Gll, Gll, Gll^Fmf, Gll, Gll^Fmf, Gll, Gll, Gll^Fmf, Gll, Gll^Fmf, Gll^Fmf, Gll^Fmf, Hh^Fmf, Hh^Fmf, Gll^Fmf, Gll^Fmf, Mm, Mm, Mm, Mm, Mm, Mm^Xm, Mm^Xm, Mm^Xm, Mm^Xm, Mm^Xm, Mm^Xm, Mm^Xm, Mm^Xm, Mm^Xm, Mm^Xm, Mm^Xm, Mm^Xm, Mm^Xm, Mm^Xm, Mm^Xm, Mm^Xm, Mm^Xm, Mm^Xm, Mm^Xm, Mm^Xm, Mm, Mm, Hh, Hh, Hh^Fds, Hh^Fds, Hh^Uf, Gs^Uf, Gg^Efm, Gg^Efm, Sm^Em, Sm^Uf, Sm^Em, Mm, Mm, Hh^Fds, Hh^Fds, Hh^Fds, Mm, Mm, Mm, Mm, Mm^Xm
Gll^Fmf, Gll^Ve, Gll, Gll, 1 Gll, Gll^Fmf, Gll, Gll^Fmf, Gll, Gll^Fmf, Gll, Gll, Gll^Fmf, Gll^Fmf, Hh^Fmf, Gll^Fmf, Hh^Fmf, Gll^Fmf, Hh^Fmf, Hh^Fmf, Mm, Mm, Mm, Mm, Mm, Mm^Xm, Mm^Xm, Mm^Xm, Mm^Xm, Mm^Xm, Mm^Xm, Mm^Xm, Mm^Xm, Mm^Xm, Mm^Xm, Mm^Xm, Mm^Xm, Mm^Xm, Mm^Xm, Mm^Xm, Mm^Xm, Mm^Xm, Mm^Xm, Mm^Xm, Mm^Xm, Mm, Mm, Hh, Hh, Hh^Fds, Hh^Fds, Hh^Uf, Hh^Uf, Gg^Efm, Gg^Ve, Gg^Efm, Gg^Ebn, Mm, Mm^Xm, Mm, Hh^Fds, Hh^Fds, Hh^Fds, Hh, Hh, Mm, Mm, Mm^Xm
Gll^Fmf, Gll, Gll^Fmf, Gll, Gll, Gll, Gll^Fmf, Gll, Gll^Fmf, Gll, Gll^Fmf, Gll^Fmf, Hh^Fmf, Hh^Fmf, Hh^Fmf, Hh^Fmf, Hh^Fmf, Hh^Fmf, Gll^Fmf, Hh^Fmf, Mm, Mm, Mm, Mm, Mm^Xm, Mm^Xm, Mm^Xm, Mm^Xm, Mm^Xm, Mm^Xm, Mm^Xm, Mm^Xm, Mm^Xm, Mm^Xm, Mm^Xm, Mm^Xm, Mm^Xm, Mm^Xm, Mm^Xm, Mm^Xm, Mm^Xm, Mm^Xm, Mm^Xm, Mm^Xm, Mm^Xm, Mm^Xm, Mm, Mm, Mm, Hh, Hh, Hh^Fds, Hh^Fds, Mm, Mm^Xm, Gg^Efm, Uu^Pr/o, Xu, Xu, Mm^Xm, Mm^Xm, Hh^Fds, Hh^Fds, Hh^Fds, Hh, Mm, Mm, Mm^Xm
Gll^Fmf, Gll, Gll, Gll, Gll, Hh^Fmf, Hh^Fmf, Gll^Fmf, Hh^Fmf, Gll^Fmf, Hh^Fmf, Hh^Fmf, Hh^Fmf, Gll^Fmf, Hh^Fmf, Hh^Fmf, Gll^Fmf, Gll^Fmf, Hh^Fmf, Hh^Fmf, Mm, Mm, Mm, Mm, Mm, Mm^Xm, Mm^Xm, Mm^Xm, Mm^Xm, Mm^Xm, Mm^Xm, Mm^Xm, Mm^Xm, Mm^Xm, Mm^Xm, Mm^Xm, Mm^Xm, Mm^Xm, Mm^Xm, Mm^Xm, Mm^Xm, Mm^Xm, Mm^Xm, Mm^Xm, Mm^Xm, Mm^Xm, Mm^Xm, Mm, Mm, Mm, Hh, Hh, Hh^Fds, Mm^Xm, Xu, Xu, Qxua^Ii, Uu^Ii, Xu, Xu, Xu, Mm^Xm, Hh, Hh, Hh, Mm, Mm, Mm^Xm
Gll, Gll, Gll^Fmf, Gll, Gll^Fmf, Gll^Fmf, Gll^Fmf, Hh^Fmf, Gll^Fmf, Hh^Fmf, Hh^Fmf, Hh^Fmf, Hh^Fmf, Hh^Fmf, Gll^Fmf, Gll^Fmf, Gll^Fmf, Hh^Fmf, Gll^Fmf, Hh^Fmf, Gll^Fmf, Mm, Mm, Mm, Mm, Mm^Xm, Mm^Xm, Mm^Xm, Mm^Xm, Mm^Xm, Mm^Xm, Mm^Xm, Mm^Xm, Mm^Xm, Mm^Xm, Mm^Xm, Mm^Xm, Mm^Xm, Mm^Xm, Mm^Xm, Mm^Xm, Mm^Xm, Mm^Xm, Mm^Xm, Mm^Xm, Mm^Xm, Mm^Xm, Mm^Xm, Mm^Xm, Mm, Hh, Hh, Hh^Fds, Mm^Xm, Mm, Xu, Xu, Uu^Ii, Xu, Xu, Mm^Xm, Mm^Xm, Hh, Hh, Hh, Mm, Mm^Xm, Mm^Xm
