Uu, Uu, Uu, Uu, Uu, Dd, Dd, Dd, Dd, Dd, Dd, Dd, Xu, Xu, Xu, Xu, Xu, Xu, Xu, Xu, Xu, Xu, Xu, Xu, Xu, Xu, Xu, Xu, Xu, Xu, Xu, Xu, Xu, Xu, Xu, Xu, Xu, Xu, Xu, Xu, Xu, Xu, Xu, Xu, Xu, Xu
Uu, Uu, Ce, Uu, Qlf, Dd, Qlf, Dd, Qlf, Dd, Dd, Dd, Xu, Xu, Xu, Xu, Xu, Xu, Xu, Xu, Xu, Xu, Xu, Xu, Xu, Xu, Xu, Xu, Xu, Xu, Xu, Xu, Xu, Xu, Xu, Xu, Xu, Xu, Xu, Xu, Xu, Xu, Xu, Xu, Xu, Xu
Uu, Ce, 1 Ke, Ce, Qlf, Dd, Qlf, Qlf, Qlf, Qlf, Qlf, Dd, Ql, Xu, Xu, Xu, Xu, Xu, Xu, Xu, Xu, Xu, Xu, Xu, Xu, Xu, Xu, Xu, Xu, Xu, Xu, Xu, Xu, Xu, Xu, Xu, Xu, Xu, Xu, Xu, Xu, Xu, Xu, Xu, Xu, Xu
Uu, Qlf, Ce, Ce, Urb, Qlf, Uu, Qlf, Qlf, Qlf, Ql, Ql, Ql, Ql, Ql, Ql, Ql, Xu, Ql, Xu, Xu, Xu, Xu, Xu, Ql, Ql, Ql, Xu, Ql, Xu, Xu, Xu, Xu, Xu, Xu, Xu, Xu, Xu, Xu, Xu, Xu, Xu, Xu, Xu, Xu, Xu
Uu, Qlf, Uu, Urb, Urb, Urb, Qlf, Qlf, Qlf, Ql, Dd, Ql, Ql, Ql, Ql, Ql, Ql, Ql, Ql, Ql, Ql, Ql, Ql, Ql, Ql, Ql, Ql, Ql, Ql, Ql, Ql, Xu, Xu, Xu, Xu, Xu, Xu, Xu, Qlf, Qlf, Xu, Xu, Xu, Xu, Xu, Xu
Uu, Qlf, Qlf, Uu, Uu, Urb, Urb, Urb, Urb, Uu, Uu, Dd, Dd, Ql, Ql, Ql, Ql, Ql, Ql, Ql, Ql, Ql, Ql, Ql, Ql, Ql, Ql, Ql, Ql, Ql, Ql, Ql, Ql, Xu, Xu, Xu, Qlf, Qlf, Qlf, Qlf, Xu, Xu, Xu, Xu, Xu, Xu
Uu, Uu, Uu, Qlf, Qlf, Qlf, Uu, Uu, Uu, Urb, Urb, Uu, Uu, Ql, Dd, Ql, Ql, Ql, Ql, Ql, Ql, Ql, Ql, Ql, Ql, Ql, Ql, Ql, Ql, Ql, Ql, Ql, Ql, Ql, Ql, Ql, Ql, Qlf, Qlf, Xu, Xu, Xu, Xu, Xu, Xu, Xu
Uu, Uu, Uu, Qlf, Qlf, Qlf, Ql, Qlf, Ql, Uu, Uu, Urb, Urb, Uu, Uu, Uu, Urb, Ql, Ql, Ql, Ql, Ql, Ql, Ql, Ql, Ql, Ql, Ql, Ql, Ql, Ql, Ql, Ql, Ql, Ql, Ql, Ql, Ql, Xu, Xu, Xu, Xu, Xu, Xu, Xu, Xu
Uu, Uu, Qlf, Qlf, Qlf, Ql, Ql, Ql, Ql, Ql, Ql, Urb, Urb, Urb, Urb, Urb, Urb, Uu, Xos^Efs, Xos, Xos, Ql, Ql, Ql, Ql, Ql, Ql, Ql, Ql, Ql, Ql, Ql, Ql, Ql, Ql, Ql, Ql, Ql, Ql, Xu, Xu, Xu, Xu, Xu, Xu, Xu
Uu, Uu, Qlf, Qlf, Ql, Ql, Ql, Ql, Ql, Ql, Ql, Ql, Ql, Ql, Ql, Urb, Xos, Urb, Urb, Ql, Uu, Uu, Xos, Ql, Ql, Ql, Ql, Ql, Ql, Ql, Ql, Ql, Ql, Ql, Ql, Ql, Ql, Ql, Ql, Ql, Ql, Xu, Xu, Xu, Xu, Xu
Xu, Uu, Xu, Xu, Ql, Ql, Ql, Ql, Ql, Ql, Ql, Ql, Ql, Ql, Ql, Xos, Ql, Urb, Urb, Uu, Uu, Uh^Vu, Uh, Xos, Xos, Ql, Ql, Ql, Ql, Ql, Ql, Ql, Ql, Ql, Ql, Ql, Ql, Ql, Ql, Ql, Ql, Ql, Ql, Xu, Xu, Xu
Xu, Xu, Xu, Xu, Ql, Ql, Ql, Ql, Ql, Ql, Ql, Ql, Ql, Ql, Ql, Xos, Dd, Uu, Qxu, Qxu, Qxu, Cud, Urb, Uh^Ebn, Dd, Xos, Ql, Ql, Ql, Ql, Ql, Ql, Ql, Ql, Ql, Ql, Ql, Ql, Ql, Ql, Ql, Ql, Ql, Xu, Xu, Xu
Xu, Xu, Ql, Ql, Ql, Ql, Ql, Ql, Ql, Ql, Ql, Ql, Ql, Ql, Ql, Rd, Dd^Ebn, Rd, Qxu, Uu^Vud, Qxu, Urb, Urb, Rd, Dd, Xos, Ql, Ql, Ql, Ql, Ql, Ql, Ql, Ql, Ql, Ql, Ql, Ql, Ql, Ql, Ql, Ql, Ql, Ql, Ql, Xu
Xu, Xu, Ql, Ql, Ql, Ql, Ql, Ql, Ql, Ql, Ql, Ql, Ql, Ql, Ql, Rd, Dd, Rd, Uu, Qxu, Urb, Urb, Cud, Cud, Xos, Uu, Ql, Ql, Ql, Ql, Ql, Ql, Ql, Ql, Ql, Ql, Ql, Ql, Ql, Ql, Ql, Ql, Ql, Ql, Ql, Ql
Xu, Xu, Xu, Ql, Ql, Ql, Ql, Ql, Ql, Ql, Ql, Ql, Ql, Ql, Ql, Xos, Xos, Uu^Vu, Urb, Urb, Urb^Ebn, Urb, Urb, Kud, Xos, Ql, Ql, Ql, Ql, Ql, Ql, Ql, Ql, Ql, Ql, Ql, Ql, Ql, Ql, Ql, Ql, Ql, Ql, Ql, Ql, Ql
Xu, Xu, Xu, Ql, Ql, Ql, Ql, Ql, Ql, Ql, Ql, Ql, Ql, Ql, Ql, Ql, Ql, Ur, Urb, Ur, Xos, Ur, Ur, Urb, Urb, Ur, Urb, Ql, Ql, Ql, Uu, Uu, Uu, Ql, Ql, Ql, Ql, Ql, Ql, Ql, Ql, Ql, Ql, Ql, Ql, Ql
Xu, Xu, Xu, Xu, Ql, Ql, Ql, Ql, Ql, Ql, Ql, Ql, Ql, Ql, Ql, Ql, Ql, Urb, Urb, Urb, Ql, Ql, Ql, Ql, Ql, Urb, Urb, Urb, Ql, Uu, Mm, Mv, Mm, Uu, Ql, Ql, Ql, Ql, Ql, Ql, Ql, Ql, Ql, Ql, Ql, Ql
Xu, Xu, Xu, Xu, Ql, Ql, Ql, Ql, Ql, Ql, Ql, Ql, Ql, Ql, Ql, Ql, Urb, Urb, Urb, Ql, Ql, Ql, Ql, Ql, Ql, Ql, Ql, Ql^Bcx\, Ql^Bcx\, Ur, Ur, Mm, Uu, Uu, Ql, Ql, Ql, Ql, Ql, Ql, Ql, Ql, Ql, Ql, Ql, Ql
Xu, Xu, Qlf, Qlf, Xu, Ql, Xu, Ql, Ql, Ql, Ql, Ql, Ql, Ql, Ql, Urb, Urb, Urb, Ql, Ql, Ql, Ql, Ql, Ql, Ql, Ql, Ql, Ql, Uh, Ur, Ql^Bcx\, Uu, Ql, Ql, Ql, Ql, Ql, Ql, Ql, Ql, Urb, Urb, Urb, Urb, Uu, Ql
Xu, Xu, Qlf, Qlf, Xu, Xu, Xu, Ql, Ql, Ql, Ql, Ql, Ql, Ql, Ql, Urb, Urb, Ql, Ql, Ql, Ql, Ql, Ql, Ql, Ql, Ql, Ql, Uh, Uu^Vu, Uh, Ql, Ql^Bcx\, Urb, Ql, Ql, Ql, Ql, Ql, Uu, Urb, Uu^Vu, Uh, Uu, Urb, Uu, Ql
Xu, Qlf, Qlf, Xu, Xu, Xu, Xu, Ql, Ql, Ql, Ql, Ql, Uu, Ql, Ql^Bcx/, Urb, Uu, Uu, Ql, Ql, Ql, Ql, Ql, Ql, Ql, Ql, Ql, Uh, Uh, Uh, Ql, Urb, Urb, Ql, Ql, Ql, Ql, Ql, Urb, Uh, Uh, Uh, Uh, Uh, Uu, Ql
Xu, Xu, Xu, Xu, Xu, Xu, Xu, Ql, Ql, Ql, Ql, Ql, Ql^Bcx/, Uu, Uu, Uu, Uu, Uu, Uu, Ql, Ql, Ql, Ql, Ql, Ql, Ql, Ql, Ql, Ql, Ql, Ql, Urb, Urb, Urb, Urb, Ql, Urb, Uu, Urb, Uh, Chr, Urb, Chr, Urb, Ql, Ql
Xu, Xu, Xu, Xu, Ql, Xu, Ql, Ql, Ql, Ql, Urb, Urb, Uu, Ql, Ql, Uu, Ql, Uu^Vu, Ql, Ql, Ql, Ql, Ql, Ql, Ql, Ql, Ql, Ql, Ql, Ql, Ql, Ql, Ql, Urb, Urb, Urb, Urb, Urb, Urb, Urb, Chr, 2 Khr, Chr, Ql, Ql, Ql
Xu, Xu, Xu, Xu, Ql, Ql, Ql, Ql, Uu, Ql, Urb, Uu, Urb, Ql, Ql, Ql, Ql, Ql, Ql, Ql, Ql, Ql, Ql, Ql, Ql, Ql, Ql, Ql, Ql, Ql, Ql, Ql, Urb, Urb, Urb, Urb, Urb, Urb, Uh, Urb, Urb, Urb, Urb, Urb, Urb, Ql
Xu, Xu, Xu, Xu, Ql, Ql, Ql, Ql, Uu, Urb, Urb, Urb, Ql, Ql, Ql, Ql, Ql, Ql, Ql, Ql, Ql, Ql, Ql, Ql, Ql, Ql, Ql, Ql, Urb, Ql, Urb, Urb, Ql, Urb, Ql, Urb, Ql, Ql, Ql, Uh, Uh, Urb, Urb, Urb, Ql, Ql
Xu, Xu, Xu, Xu, Ql, Ql, Ql, Uu, Urb, Urb, Uu, Ql, Ql, Ql, Ql, Ql, Urb, Ql, Urb, Ql, Ql, Ql, Ql, Ql, Urb, Ql, Urb, Urb, Urb, Urb, Ql, Ql, Ql, Ql, Ql, Ql, Ql, Ql, Ql, Uh, Uh, Urb, Urb, Urb, Ql, Ql
Xu, Xu, Xu, Xu, Xu, Ql, Uu, Uu, Uh, Urb, Uu, Uu, Uu, Ql, Urb, Urb, Ql, Urb, Ql, Urb, Urb, Urb, Urb, Ql^Bs/, Ql, Urb, Ql, Ql, Ql, Ql, Ql, Ql, Ql, Ql, Ql, Ql, Ql, Ql, Ql, Qlf, Uh, Urb, Uu, Uu, Ql, Ql
Xu, Xu, Xu, Xu, Chr, Uu, Urb, Urb, Uh, Uh, Uu, Uu, Urb, Urb, Ql, Ql, Ql, Ql, Ql, Ql, Ql, Ql, Ql, Ql, Ql, Ql, Ql, Ql, Ql, Ql, Ql, Ql, Ql, Ql, Ql, Ql, Ql, Ql, Ql, Ql, Ql, Ql, Ql, Ql, Ql, Ql
Xu, Xu, Uu, Chr, 3 Khr, Chr, Urb, Uu^Vu, Uh, Uh, Urb, Urb, Uu, Uu, Ql, Ql, Ql, Ql, Ql, Ql, Ql, Ql, Ql, Ql, Ql, Ql, Ql, Ql, Ql, Ql, Ql, Ql, Ql, Ql, Ql, Ql, Ql, Ql, Ql, Ql, Ql, Ql, Ql, Ql, Ql, Ql
Ql, Ql, Uu, Chr, Urb, Urb, Urb, Urb, Urb, Urb, Urb, Urb, Uu, Uu, Ql, Ql, Ql, Ql, Ql, Ql, Ql, Ql, Ql, Ql, Ql, Ql, Ql, Ql, Ql, Ql, Ql, Ql, Ql, Ql, Ql, Ql, Ql, Ql, Ql, Ql, Ql, Ql, Ql, Ql, Ql, Ql
Ql, Ql, Ql, Urb, Urb, Urb, Urb, Urb, Uu, Urb, Urb, Urb, Urb, Uu, Urb, Ql, Ql, Ql, Ql, Ql, Ql, Ql, Ql, Ql, Ql, Ql, Ql, Ql, Ql, Ql, Ql, Ql, Ql, Ql, Ql, Ql, Ql, Ql, Ql, Ql, Ql, Ql, Xu, Ql, Xu, Xu
Ql, Ql, Ql, Urb, Uu, Uu, Uu, Uu, Dd, Uu, Uu, Uu, Uu, Urb, Ql, Urb, Ql, Ql, Ql, Ql, Ql, Ql, Ql, Ql, Ql, Ql, Ql, Ql, Ql, Ql, Ql, Ql, Ql, Ql, Ql, Ql, Ql, Ql, Ql, Ql, Ql, Xu, Xu, Xu, Xu, Xu
Ql, Ql, Ql, Qlf, Uu, Uu, Dd, Dd, Ql, Dd, Dd, Dd, Ql, Ql, Ql, Ql, Ql, Ql, Ql, Ql, Ql, Ql, Ql, Ql, Ql, Ql, Ql, Ql, Ql, Ql, Ql, Ql, Ql, Ql, Ql, Ql, Ql, Ql, Ql, Ql, Ql, Xu, Xu, Xu, Xu, Xu
Ql, Ql, Ql, Uu, Ql, Ql, Ql, Dd, Ql, Ql, Ql, Dd, Ql, Ql, Ql, Ql, Ql, Ql, Ql, Ql, Ql, Ql, Ql, Ql, Ql, Ql, Ql, Ql, Ql, Ql, Ql, Ql, Ql, Ql, Ql, Ql, Ql, Ql, Xu, Ql, Ql, Xu, Xu, Xu, Xu, Xu
Ql, Ql, Ql, Ql, Ql, Ql, Ql, Ql, Ql, Ql, Ql, Ql, Ql, Ql, Ql, Ql, Ql, Ql, Ql, Ql, Ql, Ql, Ql, Ql, Ql, Ql, Ql, Ql, Ql, Ql, Ql, Ql, Ql, Ql, Ql, Ql, Ql, Xu, Xu, Xu, Xu, Xu, Xu, Xu, Xu, Xu
